\BOOKMARK [0][-]{chapter.1}{\376\377\000W\000e\000l\000c\000o\000m\000e\000\040\000t\000o\000\040\000C\000a\000m\000p\000u\000s\000T\000r\000a\000c\000k}{}% 1
\BOOKMARK [1][-]{section.1.1}{\376\377\000W\000h\000a\000t\000\040\000i\000s\000\040\000C\000a\000m\000p\000u\000s\000T\000r\000a\000c\000k\000?}{chapter.1}% 2
\BOOKMARK [1][-]{section.1.2}{\376\377\000H\000o\000w\000\040\000d\000o\000e\000s\000\040\000t\000h\000e\000\040\000a\000t\000t\000e\000n\000d\000a\000n\000c\000e\000\040\000w\000o\000r\000k\000?\000\040\000\050\000i\000n\000\040\000p\000l\000a\000i\000n\000\040\000w\000o\000r\000d\000s\000\051}{chapter.1}% 3
\BOOKMARK [2][-]{subsection.1.2.1}{\376\377\000H\000o\000w\000\040\000t\000h\000e\000\040\000s\000y\000s\000t\000e\000m\000\040\000k\000n\000o\000w\000s\000\040\000I\000N\000\040\000f\000r\000o\000m\000\040\000O\000U\000T}{section.1.2}% 4
\BOOKMARK [1][-]{section.1.3}{\376\377\000W\000h\000a\000t\000\040\000h\000a\000p\000p\000e\000n\000s\000\040\000a\000f\000t\000e\000r\000\040\000a\000\040\000s\000t\000u\000d\000e\000n\000t\000\040\000i\000s\000\040\000d\000e\000t\000e\000c\000t\000e\000d\000?}{chapter.1}% 5
\BOOKMARK [1][-]{section.1.4}{\376\377\000T\000h\000e\000\040\000p\000a\000r\000t\000s\000\040\000o\000f\000\040\000t\000h\000e\000\040\000s\000y\000s\000t\000e\000m}{chapter.1}% 6
\BOOKMARK [0][-]{chapter.2}{\376\377\000G\000e\000t\000t\000i\000n\000g\000\040\000s\000t\000a\000r\000t\000e\000d}{}% 7
\BOOKMARK [1][-]{section.2.1}{\376\377\000W\000h\000o\000\040\000u\000s\000e\000s\000\040\000w\000h\000a\000t}{chapter.2}% 8
\BOOKMARK [1][-]{section.2.2}{\376\377\000Y\000o\000u\000r\000\040\000u\000s\000e\000r\000n\000a\000m\000e\000\040\000a\000n\000d\000\040\000p\000a\000s\000s\000w\000o\000r\000d}{chapter.2}% 9
\BOOKMARK [1][-]{section.2.3}{\376\377\000I\000n\000s\000t\000a\000l\000l\000i\000n\000g\000\040\000t\000h\000e\000\040\000m\000o\000b\000i\000l\000e\000\040\000a\000p\000p\000\040\000\050\000p\000a\000r\000e\000n\000t\000s\000\040\000a\000n\000d\000\040\000s\000t\000u\000d\000e\000n\000t\000s\000\051}{chapter.2}% 10
\BOOKMARK [1][-]{section.2.4}{\376\377\000O\000p\000e\000n\000i\000n\000g\000\040\000t\000h\000e\000\040\000w\000e\000b\000\040\000p\000o\000r\000t\000a\000l\000\040\000\050\000t\000e\000a\000c\000h\000e\000r\000s\000\040\000a\000n\000d\000\040\000a\000d\000m\000i\000n\000s\000\051}{chapter.2}% 11
\BOOKMARK [0][-]{chapter.3}{\376\377\000P\000a\000r\000e\000n\000t\000\040\000P\000o\000r\000t\000a\000l\000\040\000\050\000m\000o\000b\000i\000l\000e\000\040\000a\000p\000p\000\051}{}% 12
\BOOKMARK [1][-]{section.3.1}{\376\377\000A\000t\000t\000e\000n\000d\000a\000n\000c\000e\000\040\040\023\000\040\000w\000a\000s\000\040\000m\000y\000\040\000c\000h\000i\000l\000d\000\040\000a\000t\000\040\000s\000c\000h\000o\000o\000l\000?}{chapter.3}% 13
\BOOKMARK [2][-]{subsection.3.1.1}{\376\377\000D\000a\000i\000l\000y\000\040\000v\000i\000e\000w}{section.3.1}% 14
\BOOKMARK [2][-]{subsection.3.1.2}{\376\377\000M\000o\000v\000e\000m\000e\000n\000t\000s\000\040\000v\000i\000e\000w}{section.3.1}% 15
\BOOKMARK [1][-]{section.3.2}{\376\377\000S\000c\000h\000e\000d\000u\000l\000e\000\040\040\023\000\040\000t\000h\000e\000\040\000f\000u\000l\000l\000\040\000s\000e\000m\000e\000s\000t\000e\000r\000\040\000t\000i\000m\000e\000t\000a\000b\000l\000e}{chapter.3}% 16
\BOOKMARK [1][-]{section.3.3}{\376\377\000A\000c\000t\000i\000v\000i\000t\000y\000\040\040\023\000\040\000w\000h\000a\000t\000\040\000t\000e\000a\000c\000h\000e\000r\000s\000\040\000s\000a\000y\000\040\000a\000b\000o\000u\000t\000\040\000m\000y\000\040\000c\000h\000i\000l\000d}{chapter.3}% 17
\BOOKMARK [1][-]{section.3.4}{\376\377\000F\000e\000e\000d\000b\000a\000c\000k\000\040\040\023\000\040\000t\000a\000l\000k\000\040\000t\000o\000\040\000t\000h\000e\000\040\000s\000c\000h\000o\000o\000l}{chapter.3}% 18
\BOOKMARK [1][-]{section.3.5}{\376\377\000A\000l\000e\000r\000t\000s\000\040\040\023\000\040\000e\000v\000e\000r\000y\000\040\000n\000o\000t\000i\000f\000i\000c\000a\000t\000i\000o\000n\000\040\000i\000n\000\040\000o\000n\000e\000\040\000l\000i\000s\000t}{chapter.3}% 19
\BOOKMARK [0][-]{chapter.4}{\376\377\000S\000t\000u\000d\000e\000n\000t\000\040\000P\000o\000r\000t\000a\000l\000\040\000\050\000m\000o\000b\000i\000l\000e\000\040\000a\000p\000p\000\051}{}% 20
\BOOKMARK [1][-]{section.4.1}{\376\377\000S\000c\000h\000e\000d\000u\000l\000e\000\040\040\023\000\040\000m\000y\000\040\000t\000i\000m\000e\000t\000a\000b\000l\000e}{chapter.4}% 21
\BOOKMARK [1][-]{section.4.2}{\376\377\000A\000s\000s\000i\000g\000n\000m\000e\000n\000t\000s\000\040\040\023\000\040\000d\000o\000w\000n\000l\000o\000a\000d\000\040\000a\000s\000s\000i\000g\000n\000m\000e\000n\000t\000s\000\040\000a\000n\000d\000\040\000n\000o\000t\000e\000s}{chapter.4}% 22
\BOOKMARK [2][-]{subsection.4.2.1}{\376\377\000W\000a\000y\000\040\0001\000:\000\040\000t\000a\000p\000\040\000t\000h\000e\000\040\000d\000o\000w\000n\000l\000o\000a\000d\000\040\000b\000u\000t\000t\000o\000n}{section.4.2}% 23
\BOOKMARK [2][-]{subsection.4.2.2}{\376\377\000W\000a\000y\000\040\0002\000:\000\040\000s\000c\000a\000n\000\040\000t\000h\000e\000\040\000Q\000R\000\040\000c\000o\000d\000e\000\040\000\050\000e\000v\000e\000n\000\040\000f\000a\000s\000t\000e\000r\000\040\000i\000n\000\040\000c\000l\000a\000s\000s\000\051}{section.4.2}% 24
\BOOKMARK [1][-]{section.4.3}{\376\377\000M\000y\000\040\000w\000o\000r\000k\000\040\040\023\000\040\000u\000p\000l\000o\000a\000d\000\040\000p\000r\000o\000j\000e\000c\000t\000s\000,\000\040\000a\000c\000t\000i\000v\000i\000t\000i\000e\000s\000\040\000a\000n\000d\000\040\000t\000h\000e\000s\000e\000s}{chapter.4}% 25
\BOOKMARK [1][-]{section.4.4}{\376\377\000A\000l\000e\000r\000t\000s}{chapter.4}% 26
\BOOKMARK [0][-]{chapter.5}{\376\377\000T\000e\000a\000c\000h\000e\000r\000\040\000P\000o\000r\000t\000a\000l\000\040\000\050\000w\000e\000b\000\051}{}% 27
\BOOKMARK [1][-]{section.5.1}{\376\377\000S\000t\000u\000d\000e\000n\000t\000\040\000p\000r\000o\000g\000r\000e\000s\000s\000\040\040\023\000\040\000w\000r\000i\000t\000e\000\040\000a\000\040\000r\000e\000p\000o\000r\000t\000\040\000a\000b\000o\000u\000t\000\040\000a\000\040\000s\000t\000u\000d\000e\000n\000t}{chapter.5}% 28
\BOOKMARK [1][-]{section.5.2}{\376\377\000A\000s\000s\000i\000g\000n\000m\000e\000n\000t\000s\000\040\000\046\000\040\000n\000o\000t\000e\000s\000\040\040\023\000\040\000p\000u\000b\000l\000i\000s\000h\000\040\000f\000i\000l\000e\000s\000\040\000w\000i\000t\000h\000\040\000a\000\040\000Q\000R\000\040\000c\000o\000d\000e}{chapter.5}% 29
\BOOKMARK [1][-]{section.5.3}{\376\377\000P\000a\000r\000e\000n\000t\000\040\000f\000e\000e\000d\000b\000a\000c\000k\000\040\040\023\000\040\000r\000e\000a\000d\000\040\000a\000n\000d\000\040\000r\000e\000p\000l\000y}{chapter.5}% 30
\BOOKMARK [1][-]{section.5.4}{\376\377\000S\000t\000u\000d\000e\000n\000t\000\040\000u\000p\000l\000o\000a\000d\000s\000\040\040\023\000\040\000r\000e\000v\000i\000e\000w\000\040\000s\000u\000b\000m\000i\000t\000t\000e\000d\000\040\000w\000o\000r\000k}{chapter.5}% 31
\BOOKMARK [1][-]{section.5.5}{\376\377\000T\000i\000m\000e\000t\000a\000b\000l\000e\000\040\040\023\000\040\000v\000i\000e\000w\000\040\000a\000n\000d\000\040\000a\000d\000d\000\040\000e\000n\000t\000r\000i\000e\000s}{chapter.5}% 32
\BOOKMARK [0][-]{chapter.6}{\376\377\000A\000d\000m\000i\000n\000\040\000P\000o\000r\000t\000a\000l\000\040\000\050\000w\000e\000b\000\051}{}% 33
\BOOKMARK [1][-]{section.6.1}{\376\377\000C\000l\000a\000s\000s\000e\000s\000\040\000\046\000\040\000s\000e\000c\000t\000i\000o\000n\000s\000\040\000\050\000f\000u\000l\000l\000y\000\040\000m\000o\000d\000u\000l\000a\000r\000\051}{chapter.6}% 34
\BOOKMARK [1][-]{section.6.2}{\376\377\000R\000o\000o\000m\000s\000\040\000\046\000\040\000R\000F\000I\000D\000\040\000r\000e\000a\000d\000e\000r\000s}{chapter.6}% 35
\BOOKMARK [1][-]{section.6.3}{\376\377\000C\000r\000e\000a\000t\000i\000n\000g\000\040\000a\000c\000c\000o\000u\000n\000t\000s}{chapter.6}% 36
\BOOKMARK [2][-]{subsection.6.3.1}{\376\377\000C\000r\000e\000a\000t\000e\000\040\000a\000\040\000p\000a\000r\000e\000n\000t}{section.6.3}% 37
\BOOKMARK [2][-]{subsection.6.3.2}{\376\377\000C\000r\000e\000a\000t\000e\000\040\000a\000\040\000t\000e\000a\000c\000h\000e\000r}{section.6.3}% 38
\BOOKMARK [2][-]{subsection.6.3.3}{\376\377\000C\000r\000e\000a\000t\000e\000\040\000a\000\040\000s\000t\000u\000d\000e\000n\000t\000\040\000\050\000a\000n\000d\000\040\000l\000i\000n\000k\000\040\000e\000v\000e\000r\000y\000t\000h\000i\000n\000g\000\040\000t\000o\000g\000e\000t\000h\000e\000r\000\051}{section.6.3}% 39
\BOOKMARK [1][-]{section.6.4}{\376\377\000S\000e\000m\000e\000s\000t\000e\000r\000s\000\040\000a\000n\000d\000\040\000t\000h\000e\000\040\000t\000i\000m\000e\000t\000a\000b\000l\000e}{chapter.6}% 40
\BOOKMARK [1][-]{section.6.5}{\376\377\000D\000a\000i\000l\000y\000\040\000\046\000\040\000w\000e\000e\000k\000l\000y\000\040\000s\000u\000m\000m\000a\000r\000y\000\040\000t\000i\000m\000e\000s}{chapter.6}% 41
\BOOKMARK [1][-]{section.6.6}{\376\377\000C\000h\000e\000c\000k\000l\000i\000s\000t\000:\000\040\000s\000e\000t\000t\000i\000n\000g\000\040\000u\000p\000\040\000a\000\040\000n\000e\000w\000\040\000s\000c\000h\000o\000o\000l}{chapter.6}% 42
\BOOKMARK [0][-]{chapter.7}{\376\377\000F\000r\000e\000q\000u\000e\000n\000t\000l\000y\000\040\000a\000s\000k\000e\000d\000\040\000q\000u\000e\000s\000t\000i\000o\000n\000s}{}% 43
